Document: mit-scheme-ref
Title: MIT/GNU Scheme Reference Manual
Author: Chris Hanson
Abstract: A detailed description of the MIT/GNU Scheme runtime system.
 This is intended to be a reference document for programmers.
Section: Programming

Format: HTML
Index: /usr/share/doc/mit-scheme-doc/html/mit-scheme-ref/index.html
Files: /usr/share/doc/mit-scheme-doc/html/mit-scheme-ref/*.html

Format: PDF
Files: /usr/share/doc/mit-scheme-doc/pdf/mit-scheme-ref.pdf.gz
