;;; -*-Fundamental-*-
;;;
;;; $Id: scm-p-nt.lst,v 1.10 2007/01/05 21:19:26 cph Exp $
;;;
;;; Copyright (C) 1986, 1987, 1988, 1989, 1990, 1991, 1992, 1993,
;;;     1994, 1995, 1996, 1997, 1998, 1999, 2000, 2001, 2002, 2003,
;;;     2004, 2005, 2006, 2007 Massachusetts Institute of Technology
;;;
;;; This file is part of MIT/GNU Scheme.
;;;
;;; MIT/GNU Scheme is free software; you can redistribute it and/or
;;; modify it under the terms of the GNU General Public License as
;;; published by the Free Software Foundation; either version 2 of the
;;; License, or (at your option) any later version.
;;;
;;; MIT/GNU Scheme is distributed in the hope that it will be useful,
;;; but WITHOUT ANY WARRANTY; without even the implied warranty of
;;; MERCHANTABILITY or FITNESS FOR A PARTICULAR PURPOSE.  See the GNU
;;; General Public License for more details.
;;;
;;; You should have received a copy of the GNU General Public License
;;; along with MIT/GNU Scheme; if not, write to the Free Software
;;; Foundation, Inc., 51 Franklin St, Fifth Floor, Boston, MA
;;; 02110-1301, USA.
;;;
;;;;	Shared files (Unix and DOS)
artutl.c
avltree.c
bignum.c
bigprm.c
bitstr.c
boot.c
char.c
comutl.c
daemon.c
debug.c
dfloat.c
error.c
extern.c
fasload.c
fixnum.c
flonum.c
generic.c
hooks.c
hunk.c
intern.c
interp.c
intprm.c
list.c
lookprm.c
lookup.c
missing.c
obstack.c
option.c
osscheme.c
ostty.c
prim.c
primutl.c
prmcon.c
ptrvec.c
purutl.c
regex.c
rgxprim.c
step.c
storage.c
string.c
syntax.c
sysprim.c
term.c
transact.c
utils.c
vector.c
wind.c
;;;;	Generic OS primitive files
prosenv.c
prosfile.c
prosfs.c
prosio.c
prosterm.c
prostty.c
;;;;	NT OS primitive files
prntenv.c
prntfs.c
prntio.c
;;;;	Bizarre NT primitive files
ntgui.c
nttterm.c
;;;;	GC files
fasdump.c
gcloop.c
memmag.c
purify.c
