;;; -*-Fundamental-*-
;;;
;;; $Id: scm-p-nt.lst,v 1.6 1999/01/02 06:11:34 cph Exp $
;;;
;;; Copyright (c) 1993, 1999 Massachusetts Institute of Technology
;;;
;;; This program is free software; you can redistribute it and/or
;;; modify it under the terms of the GNU General Public License as
;;; published by the Free Software Foundation; either version 2 of the
;;; License, or (at your option) any later version.
;;;
;;; This program is distributed in the hope that it will be useful,
;;; but WITHOUT ANY WARRANTY; without even the implied warranty of
;;; MERCHANTABILITY or FITNESS FOR A PARTICULAR PURPOSE.  See the GNU
;;; General Public License for more details.
;;;
;;; You should have received a copy of the GNU General Public License
;;; along with this program; if not, write to the Free Software
;;; Foundation, Inc., 675 Mass Ave, Cambridge, MA 02139, USA.
;;;
;;;;	Shared files (Unix and DOS)
artutl.c
avltree.c
bignum.c
bigprm.c
bitstr.c
boot.c
char.c
comutl.c
daemon.c
debug.c
dfloat.c
error.c
extern.c
fasload.c
fixnum.c
flonum.c
generic.c
hooks.c
hunk.c
intern.c
interp.c
intprm.c
list.c
lookprm.c
lookup.c
missing.c
obstack.c
option.c
osscheme.c
ostty.c
prim.c
primutl.c
prmcon.c
ptrvec.c
purutl.c
regex.c
rgxprim.c
step.c
storage.c
string.c
syntax.c
sysprim.c
term.c
transact.c
utils.c
vector.c
wind.c
;;;;	Generic OS primitive files
prosenv.c
prosfile.c
prosfs.c
prosio.c
prosterm.c
prostty.c
;;;;	NT OS primitive files
prntenv.c
prntfs.c
prntio.c
;;;;	Bizarre NT primitive files
ntgui.c
nttterm.c
;;;;	GC files
fasdump.c
gcloop.c
memmag.c
purify.c
